2026-09-05T09:00:03.101Z INFO api GET /v1/orders 200 request_id=req-1401
2026-09-05T09:02:18.202Z WARN payments POST /v1/checkout 429 rate limit approaching for customer 98102
2026-09-05T09:04:09.400Z ERROR payments POST /v1/checkout PaymentProviderTimeout: gateway timed out after 30000ms for order 781248
2026-09-05T09:05:26.002Z ERROR payments POST /v1/checkout PaymentProviderTimeout: gateway timed out after 30000ms for order 781249
2026-09-05T09:07:11.921Z ERROR api GET /v1/orders/781248 DatabaseError: connection pool exhausted (pool=primary-04)
2026-09-05T09:09:42.118Z ERROR payments POST /v1/checkout PaymentProviderTimeout: gateway timed out after 30000ms for order 781250
2026-09-05T09:12:19.110Z ERROR api GET /v1/orders/781249 DatabaseError: connection pool exhausted (pool=primary-06)
2026-09-05T09:14:02.414Z ERROR payments POST /v1/checkout PaymentProviderTimeout: gateway timed out after 30000ms for order 781251
2026-09-05T09:16:23.740Z WARN api GET /v1/orders retrying database request id 8f6a06dd-1c07-4b49-b6b1-d3c43e9b2c6a
2026-09-05T09:18:52.917Z ERROR payments POST /v1/checkout PaymentProviderTimeout: gateway timed out after 30000ms for order 781252
2026-09-05T09:20:31.619Z ERROR api GET /v1/orders/781250 DatabaseError: connection pool exhausted (pool=primary-03)
2026-09-05T09:23:08.380Z ERROR payments POST /v1/checkout PaymentProviderTimeout: gateway timed out after 30000ms for order 781253
2026-09-05T09:26:55.243Z ERROR worker POST /v1/refunds StripeError: charge ch_3Qze10kP failed for customer cus_P01a9
2026-09-05T09:29:06.101Z ERROR payments POST /v1/checkout PaymentProviderTimeout: gateway timed out after 30000ms for order 781254
2026-09-05T09:31:44.788Z ERROR api GET /v1/orders/781251 DatabaseError: connection pool exhausted (pool=primary-04)
2026-09-05T09:34:29.422Z ERROR payments POST /v1/checkout PaymentProviderTimeout: gateway timed out after 30000ms for order 781255
2026-09-05T09:37:18.014Z INFO api GET /health 200 request_id=req-1418
2026-09-05T09:40:16.144Z ERROR worker POST /v1/refunds StripeError: charge ch_9Abc73Pr failed for customer cus_Z20h2
2026-09-05T09:44:09.985Z ERROR payments POST /v1/checkout PaymentProviderTimeout: gateway timed out after 30000ms for order 781256
2026-09-05T09:48:21.067Z ERROR api GET /v1/orders/781252 DatabaseError: connection pool exhausted (pool=primary-01)
2026-09-05T09:53:07.311Z WARN payments POST /v1/checkout checkout queue latency 8421ms
2026-09-05T09:57:31.502Z ERROR payments POST /v1/checkout PaymentProviderTimeout: gateway timed out after 30000ms for order 781257
